{"logTime": "0810/112710", "correlationVector":"KnJHj/F91dG4SoTwhm815k.1","action":"SyncServerConnectionManagerRequest", "result":"SYNC_SERVER_OK", "context":{"environment":"Prod_southeastasia_prod-s01-064-apac-southeastasia", "migrationStage":"NotStarted", "server":"akswtt00300000u"}}
{"logTime": "0810/112710", "correlationVector":"KnJHj/F91dG4SoTwhm815k.2","action":"ProcessGetUpdates", "result":"Done", "context":{"dataType":"Encryption Keys", "deleted":"0", "process_failed_to_decrypt":"0", "process_pending_decryption":"0", "process_success":"1", "total":"1"}}
{"logTime": "0810/112711", "correlationVector":"emoUovZtl0VvPhPbckKe+H","action":"SyncServerConnectionManagerRequest", "result":"SYNC_SERVER_ERROR", "context":{"environment":"", "error_type":"http_status_code", "error_value":"400", "migrationStage":"", "server":""}}
{"logTime": "0810/112711", "correlationVector":"KnJHj/F91dG4SoTwhm815k","action":"Initial GetUpdates", "result":"", "context":Reason: NEW_CLIENT. cV=KnJHj/F91dG4SoTwhm815k}
{"logTime": "0810/112711", "correlationVector":"KnJHj/F91dG4SoTwhm815k.3","action":"GetUpdates Response", "result":"Success", "context":Received 1 update(s). cV=KnJHj/F91dG4SoTwhm815k.0;server=akswtt00300000u;cloudType=Consumer;environment=Prod_southeastasia_prod-s01-064-apac-southeastasia;migrationStage=NotStarted}
{"logTime": "0810/112712", "correlationVector":"CCXoDxe9zj0q563eT+nYZU","action":"Initial GetUpdates", "result":"", "context":Reason: NEW_CLIENT. cV=CCXoDxe9zj0q563eT+nYZU}
{"logTime": "0810/112713", "correlationVector":"CCXoDxe9zj0q563eT+nYZU.1","action":"SyncServerConnectionManagerRequest", "result":"SYNC_SERVER_OK", "context":{"environment":"Prod_southindia_prod-s01-004-apac-southindia", "migrationStage":"NotStarted", "server":"akswtt10700001v"}}
{"logTime": "0810/112713", "correlationVector":"CCXoDxe9zj0q563eT+nYZU.2","action":"ProcessGetUpdates", "result":"Done", "context":{"dataType":"Device Info", "deleted":"0", "process_failed_to_decrypt":"0", "process_pending_decryption":"0", "process_success":"8", "total":"8"}}
{"logTime": "0810/112713", "correlationVector":"CCXoDxe9zj0q563eT+nYZU.3","action":"GetUpdates Response", "result":"Success", "context":Received 8 update(s). cV=CCXoDxe9zj0q563eT+nYZU.0;server=akswtt10700001v;cloudType=Consumer;environment=Prod_southindia_prod-s01-004-apac-southindia;migrationStage=NotStarted}
{"logTime": "0810/112713", "correlationVector":"TWP/VBUhPEONlpnHBj5xN3","action":"SyncServerConnectionManagerRequest", "result":"SYNC_SERVER_ERROR", "context":{"environment":"", "error_type":"http_status_code", "error_value":"400", "migrationStage":"", "server":""}}
{"logTime": "0810/112713", "correlationVector":"ntfzg3miLMF1XhLGTzRWYt","action":"Initial GetUpdates", "result":"", "context":Reason: NEW_CLIENT. cV=ntfzg3miLMF1XhLGTzRWYt}
{"logTime": "0810/112715", "correlationVector":"ntfzg3miLMF1XhLGTzRWYt.1","action":"SyncServerConnectionManagerRequest", "result":"SYNC_SERVER_OK", "context":{"environment":"Prod_southindia_prod-s01-004-apac-southindia", "migrationStage":"NotStarted", "server":"akswtt10700000p"}}
{"logTime": "0810/112715", "correlationVector":"ntfzg3miLMF1XhLGTzRWYt.2","action":"ProcessGetUpdates", "result":"Done", "context":{"dataType":"Bookmarks", "deleted":"0", "process_failed_to_decrypt":"0", "process_pending_decryption":"0", "process_success":"7", "total":"7"}}
{"logTime": "0810/112715", "correlationVector":"ntfzg3miLMF1XhLGTzRWYt.3","action":"ProcessGetUpdates", "result":"Done", "context":{"dataType":"Preferences", "deleted":"0", "process_failed_to_decrypt":"0", "process_pending_decryption":"0", "process_success":"63", "total":"63"}}
{"logTime": "0810/112715", "correlationVector":"ntfzg3miLMF1XhLGTzRWYt.4","action":"ProcessGetUpdates", "result":"Done", "context":{"dataType":"Extensions", "deleted":"0", "process_failed_to_decrypt":"0", "process_pending_decryption":"0", "process_success":"1", "total":"1"}}
{"logTime": "0810/112715", "correlationVector":"ntfzg3miLMF1XhLGTzRWYt.5","action":"ProcessGetUpdates", "result":"Done", "context":{"dataType":"Extension settings", "deleted":"0", "process_failed_to_decrypt":"0", "process_pending_decryption":"0", "process_success":"6", "total":"6"}}
{"logTime": "0810/112715", "correlationVector":"ntfzg3miLMF1XhLGTzRWYt.6","action":"ProcessGetUpdates", "result":"Done", "context":{"dataType":"Web Apps", "deleted":"0", "process_failed_to_decrypt":"0", "process_pending_decryption":"0", "process_success":"1", "total":"1"}}
{"logTime": "0810/112715", "correlationVector":"ntfzg3miLMF1XhLGTzRWYt.7","action":"ProcessGetUpdates", "result":"Done", "context":{"dataType":"Edge Hub App Usage", "deleted":"0", "process_failed_to_decrypt":"0", "process_pending_decryption":"0", "process_success":"1", "total":"1"}}
{"logTime": "0810/112715", "correlationVector":"ntfzg3miLMF1XhLGTzRWYt.8","action":"GetUpdates Response", "result":"Success", "context":Received 79 update(s). cV=ntfzg3miLMF1XhLGTzRWYt.0;server=akswtt10700000p;cloudType=Consumer;environment=Prod_southindia_prod-s01-004-apac-southindia;migrationStage=NotStarted Some updates remain.}
{"logTime": "0810/112715", "correlationVector":"1U5wE6Sj7mI219BmMle9y/","action":"Initial GetUpdates", "result":"", "context":Reason: NEW_CLIENT. cV=1U5wE6Sj7mI219BmMle9y/}
{"logTime": "0810/112716", "correlationVector":"1U5wE6Sj7mI219BmMle9y/.1","action":"SyncServerConnectionManagerRequest", "result":"SYNC_SERVER_OK", "context":{"environment":"Prod_southindia_prod-s01-004-apac-southindia", "migrationStage":"NotStarted", "server":"akswtt10700001f"}}
{"logTime": "0810/112716", "correlationVector":"1U5wE6Sj7mI219BmMle9y/.2","action":"ProcessGetUpdates", "result":"Done", "context":{"dataType":"Edge Hub App Usage", "deleted":"0", "process_failed_to_decrypt":"0", "process_pending_decryption":"0", "process_success":"3", "total":"3"}}
{"logTime": "0810/112716", "correlationVector":"1U5wE6Sj7mI219BmMle9y/.3","action":"GetUpdates Response", "result":"Success", "context":Received 3 update(s). cV=1U5wE6Sj7mI219BmMle9y/.0;server=akswtt10700001f;cloudType=Consumer;environment=Prod_southindia_prod-s01-004-apac-southindia;migrationStage=NotStarted Some updates remain.}
{"logTime": "0810/112716", "correlationVector":"iE4VNzM81iEULacgz+kgd1","action":"Initial GetUpdates", "result":"", "context":Reason: NEW_CLIENT. cV=iE4VNzM81iEULacgz+kgd1}
{"logTime": "0810/112717", "correlationVector":"iE4VNzM81iEULacgz+kgd1.1","action":"SyncServerConnectionManagerRequest", "result":"SYNC_SERVER_OK", "context":{"environment":"Prod_southindia_prod-s01-004-apac-southindia", "migrationStage":"NotStarted", "server":"akswtt10700001c"}}
{"logTime": "0810/112717", "correlationVector":"iE4VNzM81iEULacgz+kgd1.2","action":"ProcessGetUpdates", "result":"Done", "context":{"dataType":"Bookmarks", "deleted":"0", "process_failed_to_decrypt":"0", "process_pending_decryption":"0", "process_success":"2", "total":"2"}}
{"logTime": "0810/112717", "correlationVector":"iE4VNzM81iEULacgz+kgd1.3","action":"ProcessGetUpdates", "result":"Done", "context":{"dataType":"Preferences", "deleted":"0", "process_failed_to_decrypt":"0", "process_pending_decryption":"0", "process_success":"1", "total":"1"}}
{"logTime": "0810/112717", "correlationVector":"iE4VNzM81iEULacgz+kgd1.4","action":"ProcessGetUpdates", "result":"Done", "context":{"dataType":"Edge Hub App Usage", "deleted":"0", "process_failed_to_decrypt":"0", "process_pending_decryption":"0", "process_success":"4", "total":"4"}}
{"logTime": "0810/112717", "correlationVector":"iE4VNzM81iEULacgz+kgd1.5","action":"GetUpdates Response", "result":"Success", "context":Received 7 update(s). cV=iE4VNzM81iEULacgz+kgd1.0;server=akswtt10700001c;cloudType=Consumer;environment=Prod_southindia_prod-s01-004-apac-southindia;migrationStage=NotStarted Some updates remain.}
{"logTime": "0810/112717", "correlationVector":"0ThJ4n4MepYXwmvxf1fGcO","action":"Initial GetUpdates", "result":"", "context":Reason: NEW_CLIENT. cV=0ThJ4n4MepYXwmvxf1fGcO}
{"logTime": "0810/112718", "correlationVector":"0ThJ4n4MepYXwmvxf1fGcO.1","action":"SyncServerConnectionManagerRequest", "result":"SYNC_SERVER_OK", "context":{"environment":"Prod_southindia_prod-s01-004-apac-southindia", "migrationStage":"NotStarted", "server":"akswtt10700000v"}}
{"logTime": "0810/112718", "correlationVector":"0ThJ4n4MepYXwmvxf1fGcO.2","action":"ProcessGetUpdates", "result":"Done", "context":{"dataType":"Bookmarks", "deleted":"0", "process_failed_to_decrypt":"0", "process_pending_decryption":"0", "process_success":"2", "total":"2"}}
{"logTime": "0810/112718", "correlationVector":"0ThJ4n4MepYXwmvxf1fGcO.3","action":"ProcessGetUpdates", "result":"Done", "context":{"dataType":"Preferences", "deleted":"0", "process_failed_to_decrypt":"0", "process_pending_decryption":"0", "process_success":"7", "total":"7"}}
{"logTime": "0810/112718", "correlationVector":"0ThJ4n4MepYXwmvxf1fGcO.4","action":"ProcessGetUpdates", "result":"Done", "context":{"dataType":"Sessions", "deleted":"0", "process_failed_to_decrypt":"0", "process_pending_decryption":"0", "process_success":"7", "total":"7"}}
{"logTime": "0810/112718", "correlationVector":"0ThJ4n4MepYXwmvxf1fGcO.5","action":"ProcessGetUpdates", "result":"Done", "context":{"dataType":"Extension settings", "deleted":"0", "process_failed_to_decrypt":"0", "process_pending_decryption":"0", "process_success":"3", "total":"3"}}
{"logTime": "0810/112718", "correlationVector":"0ThJ4n4MepYXwmvxf1fGcO.6","action":"ProcessGetUpdates", "result":"Done", "context":{"dataType":"Edge Hub App Usage", "deleted":"0", "process_failed_to_decrypt":"0", "process_pending_decryption":"0", "process_success":"8", "total":"8"}}
{"logTime": "0810/112718", "correlationVector":"0ThJ4n4MepYXwmvxf1fGcO.7","action":"GetUpdates Response", "result":"Success", "context":Received 27 update(s). cV=0ThJ4n4MepYXwmvxf1fGcO.0;server=akswtt10700000v;cloudType=Consumer;environment=Prod_southindia_prod-s01-004-apac-southindia;migrationStage=NotStarted}
{"logTime": "0810/112719", "correlationVector":"SefHosOJqCB/BZoJgbU7ln","action":"SyncServerConnectionManagerRequest", "result":"SYNC_SERVER_ERROR", "context":{"environment":"", "error_type":"http_status_code", "error_value":"400", "migrationStage":"", "server":""}}
{"logTime": "0810/112719", "correlationVector":"xMp1CFa8ZFhimOFIz97hOb","action":"Initial GetUpdates", "result":"", "context":Reason: NEW_CLIENT. cV=xMp1CFa8ZFhimOFIz97hOb}
{"logTime": "0810/112720", "correlationVector":"xMp1CFa8ZFhimOFIz97hOb.1","action":"SyncServerConnectionManagerRequest", "result":"SYNC_SERVER_OK", "context":{"environment":"Prod_southeastasia_prod-s01-064-apac-southeastasia", "migrationStage":"NotStarted", "server":"akswtt003000006"}}
{"logTime": "0810/112720", "correlationVector":"xMp1CFa8ZFhimOFIz97hOb.2","action":"ProcessGetUpdates", "result":"Done", "context":{"dataType":"History", "deleted":"0", "process_failed_to_decrypt":"0", "process_pending_decryption":"0", "process_success":"250", "total":"250"}}
{"logTime": "0810/112720", "correlationVector":"xMp1CFa8ZFhimOFIz97hOb.3","action":"GetUpdates Response", "result":"Success", "context":Received 250 update(s). cV=xMp1CFa8ZFhimOFIz97hOb.0;server=akswtt003000006;cloudType=Consumer;environment=Prod_southeastasia_prod-s01-064-apac-southeastasia;migrationStage=NotStarted Some updates remain.}
{"logTime": "0810/112720", "correlationVector":"u6BtUL2AWTs5gde1+U+pEs","action":"Initial GetUpdates", "result":"", "context":Reason: NEW_CLIENT. cV=u6BtUL2AWTs5gde1+U+pEs}
{"logTime": "0810/112721", "correlationVector":"u6BtUL2AWTs5gde1+U+pEs.1","action":"SyncServerConnectionManagerRequest", "result":"SYNC_SERVER_OK", "context":{"environment":"Prod_southindia_prod-s01-004-apac-southindia", "migrationStage":"NotStarted", "server":"akswtt10700000m"}}
{"logTime": "0810/112721", "correlationVector":"u6BtUL2AWTs5gde1+U+pEs.2","action":"ProcessGetUpdates", "result":"Done", "context":{"dataType":"History", "deleted":"0", "process_failed_to_decrypt":"0", "process_pending_decryption":"0", "process_success":"250", "total":"250"}}
{"logTime": "0810/112721", "correlationVector":"u6BtUL2AWTs5gde1+U+pEs.3","action":"GetUpdates Response", "result":"Success", "context":Received 250 update(s). cV=u6BtUL2AWTs5gde1+U+pEs.0;server=akswtt10700000m;cloudType=Consumer;environment=Prod_southindia_prod-s01-004-apac-southindia;migrationStage=NotStarted Some updates remain.}
{"logTime": "0810/112721", "correlationVector":"4wau05Caha7u11nb/sEu5/","action":"Initial GetUpdates", "result":"", "context":Reason: NEW_CLIENT. cV=4wau05Caha7u11nb/sEu5/}
{"logTime": "0810/112722", "correlationVector":"4wau05Caha7u11nb/sEu5/.1","action":"SyncServerConnectionManagerRequest", "result":"SYNC_SERVER_OK", "context":{"environment":"Prod_southindia_prod-s01-004-apac-southindia", "migrationStage":"NotStarted", "server":"akswtt10700001f"}}
{"logTime": "0810/112722", "correlationVector":"4wau05Caha7u11nb/sEu5/.2","action":"ProcessGetUpdates", "result":"Done", "context":{"dataType":"History", "deleted":"0", "process_failed_to_decrypt":"0", "process_pending_decryption":"0", "process_success":"250", "total":"250"}}
{"logTime": "0810/112722", "correlationVector":"4wau05Caha7u11nb/sEu5/.3","action":"GetUpdates Response", "result":"Success", "context":Received 250 update(s). cV=4wau05Caha7u11nb/sEu5/.0;server=akswtt10700001f;cloudType=Consumer;environment=Prod_southindia_prod-s01-004-apac-southindia;migrationStage=NotStarted Some updates remain.}
{"logTime": "0810/112722", "correlationVector":"m9zKyJkobv5WVX+gcUfStS","action":"Initial GetUpdates", "result":"", "context":Reason: NEW_CLIENT. cV=m9zKyJkobv5WVX+gcUfStS}
{"logTime": "0810/112723", "correlationVector":"m9zKyJkobv5WVX+gcUfStS.1","action":"SyncServerConnectionManagerRequest", "result":"SYNC_SERVER_OK", "context":{"environment":"Prod_southindia_prod-s01-004-apac-southindia", "migrationStage":"NotStarted", "server":"akswtt10700000b"}}
{"logTime": "0810/112723", "correlationVector":"m9zKyJkobv5WVX+gcUfStS.2","action":"ProcessGetUpdates", "result":"Done", "context":{"dataType":"History", "deleted":"0", "process_failed_to_decrypt":"0", "process_pending_decryption":"0", "process_success":"250", "total":"250"}}
{"logTime": "0810/112723", "correlationVector":"m9zKyJkobv5WVX+gcUfStS.3","action":"GetUpdates Response", "result":"Success", "context":Received 250 update(s). cV=m9zKyJkobv5WVX+gcUfStS.0;server=akswtt10700000b;cloudType=Consumer;environment=Prod_southindia_prod-s01-004-apac-southindia;migrationStage=NotStarted Some updates remain.}
{"logTime": "0810/112723", "correlationVector":"ah3wT8/mMsOIsuAjvI/ta0","action":"Initial GetUpdates", "result":"", "context":Reason: NEW_CLIENT. cV=ah3wT8/mMsOIsuAjvI/ta0}
{"logTime": "0810/112724", "correlationVector":"ah3wT8/mMsOIsuAjvI/ta0.1","action":"SyncServerConnectionManagerRequest", "result":"SYNC_SERVER_OK", "context":{"environment":"Prod_southindia_prod-s01-004-apac-southindia", "migrationStage":"NotStarted", "server":"akswtt107000001"}}
{"logTime": "0810/112724", "correlationVector":"ah3wT8/mMsOIsuAjvI/ta0.2","action":"ProcessGetUpdates", "result":"Done", "context":{"dataType":"History", "deleted":"0", "process_failed_to_decrypt":"0", "process_pending_decryption":"0", "process_success":"158", "total":"158"}}
{"logTime": "0810/112724", "correlationVector":"ah3wT8/mMsOIsuAjvI/ta0.3","action":"GetUpdates Response", "result":"Success", "context":Received 158 update(s). cV=ah3wT8/mMsOIsuAjvI/ta0.0;server=akswtt107000001;cloudType=Consumer;environment=Prod_southindia_prod-s01-004-apac-southindia;migrationStage=NotStarted}
{"logTime": "0810/112725", "correlationVector":"IklFrc+ySykt7HQGIAMx2c","action":"SyncServerConnectionManagerRequest", "result":"SYNC_SERVER_OK", "context":{"environment":"", "migrationStage":"", "server":""}}
{"logTime": "0810/112725", "correlationVector":"IklFrc+ySykt7HQGIAMx2c.0","action":"EncryptionKeysFetcher.DownloadKeys:", "result":"Success", "context":Key count: 3, Last key timestamp: 2026-08-10T05:16:50Z}
{"logTime": "0810/112725", "correlationVector":"IklFrc+ySykt7HQGIAMx2c.1","action":"EncryptionKeysManager::SetEncryptionKeys:", "result":"Success", "context":Key names[3]:[Gyxf0x4gyJCDX/7jBJxokFb4eVVBDUlVFy/TOQuxuHssYURPzJIQM7KixtTo9mhGYKn/y+o6PwF73yg4qX9FcQ==][msKDISg0Q5+mefxmcWot45WDHBFWR7o19Iv+YDoz5pDiOLjCcPoRQ5Ay5dTa//1JYz3Wmji1gMb3mVbcXAfAjQ==][yJvvMxtizvxCZU3ZN42AhJLVS7QMl4r37mETdUZ35AvMnlPflYuNTeLWc254Oonua7umMBYGmORbEDEMBDMmsw==]}
{"logTime": "0810/112725", "correlationVector":"IklFrc+ySykt7HQGIAMx2c.2","action":"EncryptionKeysManager::SetEncryptionKeysWithTimestamps:", "result":"Success", "context":Key timestamps[3]:[2025-08-12T08:03:28Z][2026-02-09T05:18:51Z][2026-08-10T05:16:50Z]}
{"logTime": "0810/112725", "correlationVector":"JX1P/dD98XYvHPJNFAe463","action":"Initial GetUpdates", "result":"", "context":Reason: NEWLY_SUPPORTED_DATATYPE. cV=JX1P/dD98XYvHPJNFAe463}
{"logTime": "0810/112725", "correlationVector":"JX1P/dD98XYvHPJNFAe463.1","action":"SyncServerConnectionManagerRequest", "result":"SYNC_SERVER_OK", "context":{"environment":"Prod_southindia_prod-s01-004-apac-southindia", "migrationStage":"NotStarted", "server":"akswtt107000018"}}
{"logTime": "0810/112725", "correlationVector":"JX1P/dD98XYvHPJNFAe463.2","action":"ProcessGetUpdates", "result":"Done", "context":{"dataType":"Passwords", "deleted":"2", "process_failed_to_decrypt":"0", "process_pending_decryption":"0", "process_success":"3", "total":"3"}}
{"logTime": "0810/112725", "correlationVector":"JX1P/dD98XYvHPJNFAe463.3","action":"GetUpdates Response", "result":"Success", "context":Received 3 update(s). cV=JX1P/dD98XYvHPJNFAe463.0;server=akswtt107000018;cloudType=Consumer;environment=Prod_southindia_prod-s01-004-apac-southindia;migrationStage=NotStarted}
{"logTime": "0810/112726", "correlationVector":"K5w27mCw89eN5E5Wm0Uuls","action":"Initial GetUpdates", "result":"", "context":Reason: NEWLY_SUPPORTED_DATATYPE. cV=K5w27mCw89eN5E5Wm0Uuls}
{"logTime": "0810/112727", "correlationVector":"K5w27mCw89eN5E5Wm0Uuls.1","action":"SyncServerConnectionManagerRequest", "result":"SYNC_SERVER_OK", "context":{"environment":"Prod_southindia_prod-s01-004-apac-southindia", "migrationStage":"NotStarted", "server":"akswtt10700000c"}}
{"logTime": "0810/112727", "correlationVector":"K5w27mCw89eN5E5Wm0Uuls.2","action":"ProcessGetUpdates", "result":"Done", "context":{"dataType":"Autofill", "deleted":"0", "process_failed_to_decrypt":"0", "process_pending_decryption":"0", "process_success":"199", "total":"199"}}
{"logTime": "0810/112727", "correlationVector":"K5w27mCw89eN5E5Wm0Uuls.3","action":"GetUpdates Response", "result":"Success", "context":Received 199 update(s). cV=K5w27mCw89eN5E5Wm0Uuls.0;server=akswtt10700000c;cloudType=Consumer;environment=Prod_southindia_prod-s01-004-apac-southindia;migrationStage=NotStarted}
{"logTime": "0810/112727", "correlationVector":"YgZCY97wu8k/YB/sUDwbdk","action":"Normal GetUpdate request", "result":"", "context":cV=YgZCY97wu8k/YB/sUDwbdk
Nudged types: Sessions, Device Info, User Consents, History, Edge Hub App Usage
Refresh requested types: Bookmarks, Preferences, Passwords, Autofill Profiles, Autofill, Extensions, Sessions, Extension settings, History Delete Directives, Device Info, User Consents, Send Tab To Self, Web Apps, History, Saved Tab Group, WebAuthn Credentials, Edge E Drop, Edge Hub App Usage, Edge Workspace, Encryption Keys}
{"logTime": "0810/112728", "correlationVector":"YgZCY97wu8k/YB/sUDwbdk.1","action":"SyncServerConnectionManagerRequest", "result":"SYNC_SERVER_OK", "context":{"environment":"Prod_southindia_prod-s01-004-apac-southindia", "migrationStage":"NotStarted", "server":"akswtt107000002"}}
{"logTime": "0810/112728", "correlationVector":"YgZCY97wu8k/YB/sUDwbdk.2","action":"GetUpdates Response", "result":"Success", "context":Received 0 update(s). cV=YgZCY97wu8k/YB/sUDwbdk.0;server=akswtt107000002;cloudType=Consumer;environment=Prod_southindia_prod-s01-004-apac-southindia;migrationStage=NotStarted}
{"logTime": "0810/112734", "correlationVector":"UP9WO8moWDbLE63PoNkF5K","action":"Normal GetUpdate request", "result":"", "context":cV=UP9WO8moWDbLE63PoNkF5K
Nudged types: Sessions, Device Info, User Consents, History, Edge Hub App Usage
Refresh requested types: Bookmarks, Preferences, Passwords, Autofill Profiles, Autofill, Extensions, Sessions, Extension settings, History Delete Directives, Device Info, User Consents, Send Tab To Self, Web Apps, History, Saved Tab Group, WebAuthn Credentials, Edge E Drop, Edge Hub App Usage, Edge Workspace, Encryption Keys}
{"logTime": "0810/112735", "correlationVector":"UP9WO8moWDbLE63PoNkF5K.1","action":"SyncServerConnectionManagerRequest", "result":"SYNC_SERVER_OK", "context":{"environment":"Prod_southindia_prod-s01-004-apac-southindia", "migrationStage":"NotStarted", "server":"akswtt107000003"}}
{"logTime": "0810/112735", "correlationVector":"UP9WO8moWDbLE63PoNkF5K.2","action":"GetUpdates Response", "result":"Success", "context":Received 0 update(s). cV=UP9WO8moWDbLE63PoNkF5K.0;server=akswtt107000003;cloudType=Consumer;environment=Prod_southindia_prod-s01-004-apac-southindia;migrationStage=NotStarted}
{"logTime": "0810/112735", "correlationVector":"TpRQchnrTyPFND9MgULP6R","action":"Commit Request", "result":"", "context":Item count: 8
Contributing types: Sessions, Device Info, User Consents, History, Edge Hub App Usage}
{"logTime": "0810/112739", "correlationVector":"TpRQchnrTyPFND9MgULP6R.1","action":"SyncServerConnectionManagerRequest", "result":"SYNC_SERVER_OK", "context":{"environment":"Prod_southindia_prod-s01-004-apac-southindia", "migrationStage":"NotStarted", "server":"akswtt107000027"}}
{"logTime": "0810/112739", "correlationVector":"TpRQchnrTyPFND9MgULP6R.2","action":"Commit Response", "result":"Success", "context":Result: Success. cV=TpRQchnrTyPFND9MgULP6R.0;server=akswtt107000027;cloudType=Consumer;environment=Prod_southindia_prod-s01-004-apac-southindia;migrationStage=NotStarted}
{"logTime": "0810/113220", "correlationVector":"ALAjzta+GIIdrLIsne7oLu","action":"Normal GetUpdate request", "result":"", "context":cV=ALAjzta+GIIdrLIsne7oLu
Nudged types: Sessions, History
Refresh requested types: Bookmarks, Preferences, Passwords, Autofill Profiles, Autofill, Extensions, Sessions, Extension settings, History Delete Directives, Device Info, User Consents, Send Tab To Self, Web Apps, History, Saved Tab Group, WebAuthn Credentials, Edge E Drop, Edge Hub App Usage, Edge Workspace, Encryption Keys}
{"logTime": "0810/113221", "correlationVector":"ALAjzta+GIIdrLIsne7oLu.1","action":"SyncServerConnectionManagerRequest", "result":"SYNC_SERVER_OK", "context":{"environment":"Prod_southindia_prod-s01-004-apac-southindia", "migrationStage":"NotStarted", "server":"akswtt107000018"}}
{"logTime": "0810/113221", "correlationVector":"ALAjzta+GIIdrLIsne7oLu.2","action":"ProcessGetUpdates", "result":"Done", "context":{"dataType":"Sessions", "deleted":"0", "process_failed_to_decrypt":"0", "process_pending_decryption":"0", "process_success":"4", "total":"4"}}
{"logTime": "0810/113221", "correlationVector":"ALAjzta+GIIdrLIsne7oLu.3","action":"ProcessGetUpdates", "result":"Done", "context":{"dataType":"Device Info", "deleted":"0", "process_failed_to_decrypt":"0", "process_pending_decryption":"0", "process_success":"1", "total":"1"}}
{"logTime": "0810/113221", "correlationVector":"ALAjzta+GIIdrLIsne7oLu.4","action":"ProcessGetUpdates", "result":"Done", "context":{"dataType":"History", "deleted":"0", "process_failed_to_decrypt":"0", "process_pending_decryption":"0", "process_success":"1", "total":"1"}}
{"logTime": "0810/113221", "correlationVector":"ALAjzta+GIIdrLIsne7oLu.5","action":"ProcessGetUpdates", "result":"Done", "context":{"dataType":"Edge Hub App Usage", "deleted":"0", "process_failed_to_decrypt":"0", "process_pending_decryption":"0", "process_success":"1", "total":"1"}}
{"logTime": "0810/113221", "correlationVector":"ALAjzta+GIIdrLIsne7oLu.6","action":"GetUpdates Response", "result":"Success", "context":Received 7 update(s). cV=ALAjzta+GIIdrLIsne7oLu.0;server=akswtt107000018;cloudType=Consumer;environment=Prod_southindia_prod-s01-004-apac-southindia;migrationStage=NotStarted}
{"logTime": "0810/113221", "correlationVector":"Flh2eMJCnauRQftQYrE3ii","action":"Commit Request", "result":"", "context":Item count: 3
Contributing types: Sessions, History}
{"logTime": "0810/113222", "correlationVector":"Flh2eMJCnauRQftQYrE3ii.1","action":"SyncServerConnectionManagerRequest", "result":"SYNC_SERVER_OK", "context":{"environment":"Prod_southindia_prod-s01-004-apac-southindia", "migrationStage":"NotStarted", "server":"akswtt107000004"}}
{"logTime": "0810/113222", "correlationVector":"Flh2eMJCnauRQftQYrE3ii.2","action":"Commit Response", "result":"Success", "context":Result: Success. cV=Flh2eMJCnauRQftQYrE3ii.0;server=akswtt107000004;cloudType=Consumer;environment=Prod_southindia_prod-s01-004-apac-southindia;migrationStage=NotStarted}
{"logTime": "0810/113222", "correlationVector":"Flh2eMJCnauRQftQYrE3ii.3","action":"Commit.Sessions", "result":"Success", "context":{"id":"9d6b3449-45fc-471e-beea-207fd139ca60", "isDeleted":"true", "size":"0", "version":"1786361255780"}}
{"logTime": "0810/113222", "correlationVector":"Flh2eMJCnauRQftQYrE3ii.4","action":"Commit.Sessions", "result":"Success", "context":{"id":"6de304f8-a3ca-495e-b471-2361b0a036b6", "isDeleted":"true", "size":"0", "version":"1786361255779"}}
