{"logTime": "0810/112215", "correlationVector":"9SBMnESZ5OyX16heqArdxl.1","action":"SyncServerConnectionManagerRequest", "result":"SYNC_SERVER_OK", "context":{"environment":"Prod_southindia_prod-s01-004-apac-southindia", "migrationStage":"NotStarted", "server":"akswtt10700000g"}}
{"logTime": "0810/112215", "correlationVector":"9SBMnESZ5OyX16heqArdxl.2","action":"ProcessGetUpdates", "result":"Done", "context":{"dataType":"Encryption Keys", "deleted":"0", "process_failed_to_decrypt":"0", "process_pending_decryption":"0", "process_success":"1", "total":"1"}}
{"logTime": "0810/112216", "correlationVector":"FRmwnwCbqWXBUZQy1BrbrL","action":"SyncServerConnectionManagerRequest", "result":"SYNC_SERVER_OK", "context":{"environment":"", "migrationStage":"", "server":""}}
{"logTime": "0810/112216", "correlationVector":"FRmwnwCbqWXBUZQy1BrbrL.0","action":"EncryptionKeysFetcher.DownloadKeys:", "result":"Success", "context":Key count: 3, Last key timestamp: 2026-08-10T05:16:50Z}
{"logTime": "0810/112216", "correlationVector":"FRmwnwCbqWXBUZQy1BrbrL.1","action":"EncryptionKeysManager::SetEncryptionKeys:", "result":"Success", "context":Key names[3]:[Gyxf0x4gyJCDX/7jBJxokFb4eVVBDUlVFy/TOQuxuHssYURPzJIQM7KixtTo9mhGYKn/y+o6PwF73yg4qX9FcQ==][msKDISg0Q5+mefxmcWot45WDHBFWR7o19Iv+YDoz5pDiOLjCcPoRQ5Ay5dTa//1JYz3Wmji1gMb3mVbcXAfAjQ==][yJvvMxtizvxCZU3ZN42AhJLVS7QMl4r37mETdUZ35AvMnlPflYuNTeLWc254Oonua7umMBYGmORbEDEMBDMmsw==]}
{"logTime": "0810/112216", "correlationVector":"FRmwnwCbqWXBUZQy1BrbrL.2","action":"EncryptionKeysManager::SetEncryptionKeysWithTimestamps:", "result":"Success", "context":Key timestamps[3]:[2025-08-12T08:03:28Z][2026-02-09T05:18:51Z][2026-08-10T05:16:50Z]}
{"logTime": "0810/112216", "correlationVector":"9SBMnESZ5OyX16heqArdxl","action":"Initial GetUpdates", "result":"", "context":Reason: NEW_CLIENT. cV=9SBMnESZ5OyX16heqArdxl}
{"logTime": "0810/112216", "correlationVector":"9SBMnESZ5OyX16heqArdxl.3","action":"GetUpdates Response", "result":"Success", "context":Received 1 update(s). cV=9SBMnESZ5OyX16heqArdxl.0;server=akswtt10700000g;cloudType=Consumer;environment=Prod_southindia_prod-s01-004-apac-southindia;migrationStage=NotStarted}
{"logTime": "0810/112218", "correlationVector":"yyZKqZTSEAu3MkuK2PRSAg","action":"Initial GetUpdates", "result":"", "context":Reason: NEWLY_SUPPORTED_DATATYPE. cV=yyZKqZTSEAu3MkuK2PRSAg}
{"logTime": "0810/112218", "correlationVector":"yyZKqZTSEAu3MkuK2PRSAg.1","action":"SyncServerConnectionManagerRequest", "result":"SYNC_SERVER_OK", "context":{"environment":"Prod_southindia_prod-s01-004-apac-southindia", "migrationStage":"NotStarted", "server":"akswtt10700000n"}}
{"logTime": "0810/112218", "correlationVector":"yyZKqZTSEAu3MkuK2PRSAg.2","action":"ProcessGetUpdates", "result":"Done", "context":{"dataType":"Passwords", "deleted":"2", "process_failed_to_decrypt":"0", "process_pending_decryption":"0", "process_success":"3", "total":"3"}}
{"logTime": "0810/112218", "correlationVector":"yyZKqZTSEAu3MkuK2PRSAg.3","action":"ProcessGetUpdates", "result":"Done", "context":{"dataType":"Device Info", "deleted":"0", "process_failed_to_decrypt":"0", "process_pending_decryption":"0", "process_success":"7", "total":"7"}}
{"logTime": "0810/112218", "correlationVector":"yyZKqZTSEAu3MkuK2PRSAg.4","action":"GetUpdates Response", "result":"Success", "context":Received 10 update(s). cV=yyZKqZTSEAu3MkuK2PRSAg.0;server=akswtt10700000n;cloudType=Consumer;environment=Prod_southindia_prod-s01-004-apac-southindia;migrationStage=NotStarted}
{"logTime": "0810/112219", "correlationVector":"7EX6Zlz9krn8DWlbtdzNBN","action":"Initial GetUpdates", "result":"", "context":Reason: NEWLY_SUPPORTED_DATATYPE. cV=7EX6Zlz9krn8DWlbtdzNBN}
{"logTime": "0810/112221", "correlationVector":"7EX6Zlz9krn8DWlbtdzNBN.1","action":"SyncServerConnectionManagerRequest", "result":"SYNC_SERVER_OK", "context":{"environment":"Prod_southindia_prod-s01-004-apac-southindia", "migrationStage":"NotStarted", "server":"akswtt10700001x"}}
{"logTime": "0810/112221", "correlationVector":"7EX6Zlz9krn8DWlbtdzNBN.2","action":"ProcessGetUpdates", "result":"Done", "context":{"dataType":"Bookmarks", "deleted":"4", "process_failed_to_decrypt":"0", "process_pending_decryption":"0", "process_success":"11", "total":"11"}}
{"logTime": "0810/112221", "correlationVector":"7EX6Zlz9krn8DWlbtdzNBN.3","action":"ProcessGetUpdates", "result":"Done", "context":{"dataType":"Preferences", "deleted":"0", "process_failed_to_decrypt":"0", "process_pending_decryption":"0", "process_success":"62", "total":"62"}}
{"logTime": "0810/112221", "correlationVector":"7EX6Zlz9krn8DWlbtdzNBN.4","action":"ProcessGetUpdates", "result":"Done", "context":{"dataType":"Autofill", "deleted":"0", "process_failed_to_decrypt":"0", "process_pending_decryption":"0", "process_success":"163", "total":"163"}}
{"logTime": "0810/112221", "correlationVector":"7EX6Zlz9krn8DWlbtdzNBN.5","action":"ProcessGetUpdates", "result":"Done", "context":{"dataType":"Extensions", "deleted":"0", "process_failed_to_decrypt":"0", "process_pending_decryption":"0", "process_success":"1", "total":"1"}}
{"logTime": "0810/112221", "correlationVector":"7EX6Zlz9krn8DWlbtdzNBN.6","action":"ProcessGetUpdates", "result":"Done", "context":{"dataType":"Extension settings", "deleted":"0", "process_failed_to_decrypt":"0", "process_pending_decryption":"0", "process_success":"6", "total":"6"}}
{"logTime": "0810/112221", "correlationVector":"7EX6Zlz9krn8DWlbtdzNBN.7","action":"ProcessGetUpdates", "result":"Done", "context":{"dataType":"Web Apps", "deleted":"0", "process_failed_to_decrypt":"0", "process_pending_decryption":"0", "process_success":"1", "total":"1"}}
{"logTime": "0810/112221", "correlationVector":"7EX6Zlz9krn8DWlbtdzNBN.8","action":"ProcessGetUpdates", "result":"Done", "context":{"dataType":"Saved Tab Group", "deleted":"6", "process_failed_to_decrypt":"0", "process_pending_decryption":"0", "process_success":"6", "total":"6"}}
{"logTime": "0810/112221", "correlationVector":"7EX6Zlz9krn8DWlbtdzNBN.9","action":"GetUpdates Response", "result":"Success", "context":Received 250 update(s). cV=7EX6Zlz9krn8DWlbtdzNBN.0;server=akswtt10700001x;cloudType=Consumer;environment=Prod_southindia_prod-s01-004-apac-southindia;migrationStage=NotStarted Some updates remain.}
{"logTime": "0810/112221", "correlationVector":"Wfx74GzNYayKxrVt4rnipn","action":"Initial GetUpdates", "result":"", "context":Reason: NEWLY_SUPPORTED_DATATYPE. cV=Wfx74GzNYayKxrVt4rnipn}
{"logTime": "0810/112223", "correlationVector":"Wfx74GzNYayKxrVt4rnipn.1","action":"SyncServerConnectionManagerRequest", "result":"SYNC_SERVER_OK", "context":{"environment":"Prod_southindia_prod-s01-004-apac-southindia", "migrationStage":"NotStarted", "server":"akswtt10700000p"}}
{"logTime": "0810/112223", "correlationVector":"Wfx74GzNYayKxrVt4rnipn.2","action":"ProcessGetUpdates", "result":"Done", "context":{"dataType":"Preferences", "deleted":"0", "process_failed_to_decrypt":"0", "process_pending_decryption":"0", "process_success":"1", "total":"1"}}
{"logTime": "0810/112223", "correlationVector":"Wfx74GzNYayKxrVt4rnipn.3","action":"ProcessGetUpdates", "result":"Done", "context":{"dataType":"Autofill", "deleted":"0", "process_failed_to_decrypt":"0", "process_pending_decryption":"0", "process_success":"7", "total":"7"}}
{"logTime": "0810/112223", "correlationVector":"Wfx74GzNYayKxrVt4rnipn.4","action":"ProcessGetUpdates", "result":"Done", "context":{"dataType":"Sessions", "deleted":"238", "process_failed_to_decrypt":"0", "process_pending_decryption":"0", "process_success":"238", "total":"238"}}
{"logTime": "0810/112223", "correlationVector":"Wfx74GzNYayKxrVt4rnipn.5","action":"ProcessGetUpdates", "result":"Done", "context":{"dataType":"Edge Hub App Usage", "deleted":"0", "process_failed_to_decrypt":"0", "process_pending_decryption":"0", "process_success":"4", "total":"4"}}
{"logTime": "0810/112223", "correlationVector":"Wfx74GzNYayKxrVt4rnipn.6","action":"GetUpdates Response", "result":"Success", "context":Received 250 update(s). cV=Wfx74GzNYayKxrVt4rnipn.0;server=akswtt10700000p;cloudType=Consumer;environment=Prod_southindia_prod-s01-004-apac-southindia;migrationStage=NotStarted Some updates remain.}
{"logTime": "0810/112223", "correlationVector":"xR0Ky4tlr/WhN2amRZwOsa","action":"Initial GetUpdates", "result":"", "context":Reason: NEWLY_SUPPORTED_DATATYPE. cV=xR0Ky4tlr/WhN2amRZwOsa}
{"logTime": "0810/112224", "correlationVector":"xR0Ky4tlr/WhN2amRZwOsa.1","action":"SyncServerConnectionManagerRequest", "result":"SYNC_SERVER_OK", "context":{"environment":"Prod_southindia_prod-s01-004-apac-southindia", "migrationStage":"NotStarted", "server":"akswtt10700000c"}}
{"logTime": "0810/112224", "correlationVector":"xR0Ky4tlr/WhN2amRZwOsa.2","action":"ProcessGetUpdates", "result":"Done", "context":{"dataType":"Autofill", "deleted":"0", "process_failed_to_decrypt":"0", "process_pending_decryption":"0", "process_success":"6", "total":"6"}}
{"logTime": "0810/112224", "correlationVector":"xR0Ky4tlr/WhN2amRZwOsa.3","action":"ProcessGetUpdates", "result":"Done", "context":{"dataType":"Sessions", "deleted":"233", "process_failed_to_decrypt":"0", "process_pending_decryption":"0", "process_success":"233", "total":"233"}}
{"logTime": "0810/112224", "correlationVector":"xR0Ky4tlr/WhN2amRZwOsa.4","action":"ProcessGetUpdates", "result":"Done", "context":{"dataType":"Edge Hub App Usage", "deleted":"10", "process_failed_to_decrypt":"0", "process_pending_decryption":"0", "process_success":"11", "total":"11"}}
{"logTime": "0810/112224", "correlationVector":"xR0Ky4tlr/WhN2amRZwOsa.5","action":"GetUpdates Response", "result":"Success", "context":Received 250 update(s). cV=xR0Ky4tlr/WhN2amRZwOsa.0;server=akswtt10700000c;cloudType=Consumer;environment=Prod_southindia_prod-s01-004-apac-southindia;migrationStage=NotStarted Some updates remain.}
{"logTime": "0810/112224", "correlationVector":"rOgGNtKhr64d9l8IEkio49","action":"Initial GetUpdates", "result":"", "context":Reason: NEWLY_SUPPORTED_DATATYPE. cV=rOgGNtKhr64d9l8IEkio49}
{"logTime": "0810/112226", "correlationVector":"rOgGNtKhr64d9l8IEkio49.1","action":"SyncServerConnectionManagerRequest", "result":"SYNC_SERVER_OK", "context":{"environment":"Prod_southindia_prod-s01-004-apac-southindia", "migrationStage":"NotStarted", "server":"akswtt10700000q"}}
{"logTime": "0810/112226", "correlationVector":"rOgGNtKhr64d9l8IEkio49.2","action":"ProcessGetUpdates", "result":"Done", "context":{"dataType":"Bookmarks", "deleted":"0", "process_failed_to_decrypt":"0", "process_pending_decryption":"0", "process_success":"3", "total":"3"}}
{"logTime": "0810/112226", "correlationVector":"rOgGNtKhr64d9l8IEkio49.3","action":"ProcessGetUpdates", "result":"Done", "context":{"dataType":"Preferences", "deleted":"0", "process_failed_to_decrypt":"0", "process_pending_decryption":"0", "process_success":"2", "total":"2"}}
{"logTime": "0810/112226", "correlationVector":"rOgGNtKhr64d9l8IEkio49.4","action":"ProcessGetUpdates", "result":"Done", "context":{"dataType":"Autofill", "deleted":"0", "process_failed_to_decrypt":"0", "process_pending_decryption":"0", "process_success":"19", "total":"19"}}
{"logTime": "0810/112226", "correlationVector":"rOgGNtKhr64d9l8IEkio49.5","action":"ProcessGetUpdates", "result":"Done", "context":{"dataType":"Sessions", "deleted":"218", "process_failed_to_decrypt":"0", "process_pending_decryption":"0", "process_success":"218", "total":"218"}}
{"logTime": "0810/112226", "correlationVector":"rOgGNtKhr64d9l8IEkio49.6","action":"ProcessGetUpdates", "result":"Done", "context":{"dataType":"Edge Hub App Usage", "deleted":"5", "process_failed_to_decrypt":"0", "process_pending_decryption":"0", "process_success":"8", "total":"8"}}
{"logTime": "0810/112226", "correlationVector":"rOgGNtKhr64d9l8IEkio49.7","action":"GetUpdates Response", "result":"Success", "context":Received 250 update(s). cV=rOgGNtKhr64d9l8IEkio49.0;server=akswtt10700000q;cloudType=Consumer;environment=Prod_southindia_prod-s01-004-apac-southindia;migrationStage=NotStarted Some updates remain.}
{"logTime": "0810/112226", "correlationVector":"LQyZpvN4AS6PJ4lmRwdkn4","action":"Initial GetUpdates", "result":"", "context":Reason: NEWLY_SUPPORTED_DATATYPE. cV=LQyZpvN4AS6PJ4lmRwdkn4}
{"logTime": "0810/112226", "correlationVector":"LQyZpvN4AS6PJ4lmRwdkn4.1","action":"SyncServerConnectionManagerRequest", "result":"SYNC_SERVER_OK", "context":{"environment":"Prod_southindia_prod-s01-004-apac-southindia", "migrationStage":"NotStarted", "server":"akswtt107000000"}}
{"logTime": "0810/112226", "correlationVector":"LQyZpvN4AS6PJ4lmRwdkn4.2","action":"ProcessGetUpdates", "result":"Done", "context":{"dataType":"Bookmarks", "deleted":"0", "process_failed_to_decrypt":"0", "process_pending_decryption":"0", "process_success":"1", "total":"1"}}
{"logTime": "0810/112226", "correlationVector":"LQyZpvN4AS6PJ4lmRwdkn4.3","action":"ProcessGetUpdates", "result":"Done", "context":{"dataType":"Preferences", "deleted":"0", "process_failed_to_decrypt":"0", "process_pending_decryption":"0", "process_success":"6", "total":"6"}}
{"logTime": "0810/112226", "correlationVector":"LQyZpvN4AS6PJ4lmRwdkn4.4","action":"ProcessGetUpdates", "result":"Done", "context":{"dataType":"Autofill", "deleted":"0", "process_failed_to_decrypt":"0", "process_pending_decryption":"0", "process_success":"4", "total":"4"}}
{"logTime": "0810/112226", "correlationVector":"LQyZpvN4AS6PJ4lmRwdkn4.5","action":"ProcessGetUpdates", "result":"Done", "context":{"dataType":"Sessions", "deleted":"98", "process_failed_to_decrypt":"0", "process_pending_decryption":"0", "process_success":"103", "total":"103"}}
{"logTime": "0810/112226", "correlationVector":"LQyZpvN4AS6PJ4lmRwdkn4.6","action":"ProcessGetUpdates", "result":"Done", "context":{"dataType":"Extension settings", "deleted":"0", "process_failed_to_decrypt":"0", "process_pending_decryption":"0", "process_success":"3", "total":"3"}}
{"logTime": "0810/112226", "correlationVector":"LQyZpvN4AS6PJ4lmRwdkn4.7","action":"ProcessGetUpdates", "result":"Done", "context":{"dataType":"Edge Hub App Usage", "deleted":"1", "process_failed_to_decrypt":"0", "process_pending_decryption":"0", "process_success":"8", "total":"8"}}
{"logTime": "0810/112226", "correlationVector":"LQyZpvN4AS6PJ4lmRwdkn4.8","action":"GetUpdates Response", "result":"Success", "context":Received 125 update(s). cV=LQyZpvN4AS6PJ4lmRwdkn4.0;server=akswtt107000000;cloudType=Consumer;environment=Prod_southindia_prod-s01-004-apac-southindia;migrationStage=NotStarted}
{"logTime": "0810/112227", "correlationVector":"vaKhtQj+Ymv5XRSXDt9UA2","action":"Initial GetUpdates", "result":"", "context":Reason: NEWLY_SUPPORTED_DATATYPE. cV=vaKhtQj+Ymv5XRSXDt9UA2}
{"logTime": "0810/112229", "correlationVector":"vaKhtQj+Ymv5XRSXDt9UA2.1","action":"SyncServerConnectionManagerRequest", "result":"SYNC_SERVER_OK", "context":{"environment":"Prod_southindia_prod-s01-004-apac-southindia", "migrationStage":"NotStarted", "server":"akswtt10700001g"}}
{"logTime": "0810/112229", "correlationVector":"vaKhtQj+Ymv5XRSXDt9UA2.2","action":"ProcessGetUpdates", "result":"Done", "context":{"dataType":"History", "deleted":"0", "process_failed_to_decrypt":"0", "process_pending_decryption":"0", "process_success":"250", "total":"250"}}
{"logTime": "0810/112229", "correlationVector":"vaKhtQj+Ymv5XRSXDt9UA2.3","action":"GetUpdates Response", "result":"Success", "context":Received 250 update(s). cV=vaKhtQj+Ymv5XRSXDt9UA2.0;server=akswtt10700001g;cloudType=Consumer;environment=Prod_southindia_prod-s01-004-apac-southindia;migrationStage=NotStarted Some updates remain.}
{"logTime": "0810/112229", "correlationVector":"KxyKovGkKi1rngtEnXKm5c","action":"Initial GetUpdates", "result":"", "context":Reason: NEWLY_SUPPORTED_DATATYPE. cV=KxyKovGkKi1rngtEnXKm5c}
{"logTime": "0810/112230", "correlationVector":"KxyKovGkKi1rngtEnXKm5c.1","action":"SyncServerConnectionManagerRequest", "result":"SYNC_SERVER_OK", "context":{"environment":"Prod_southindia_prod-s01-004-apac-southindia", "migrationStage":"NotStarted", "server":"akswtt107000013"}}
{"logTime": "0810/112230", "correlationVector":"KxyKovGkKi1rngtEnXKm5c.2","action":"ProcessGetUpdates", "result":"Done", "context":{"dataType":"History", "deleted":"0", "process_failed_to_decrypt":"0", "process_pending_decryption":"0", "process_success":"250", "total":"250"}}
{"logTime": "0810/112230", "correlationVector":"KxyKovGkKi1rngtEnXKm5c.3","action":"GetUpdates Response", "result":"Success", "context":Received 250 update(s). cV=KxyKovGkKi1rngtEnXKm5c.0;server=akswtt107000013;cloudType=Consumer;environment=Prod_southindia_prod-s01-004-apac-southindia;migrationStage=NotStarted Some updates remain.}
{"logTime": "0810/112230", "correlationVector":"/jIdXn5eJWFxEES/z/cRVU","action":"Initial GetUpdates", "result":"", "context":Reason: NEWLY_SUPPORTED_DATATYPE. cV=/jIdXn5eJWFxEES/z/cRVU}
{"logTime": "0810/112232", "correlationVector":"/jIdXn5eJWFxEES/z/cRVU.1","action":"SyncServerConnectionManagerRequest", "result":"SYNC_SERVER_OK", "context":{"environment":"Prod_southindia_prod-s01-004-apac-southindia", "migrationStage":"NotStarted", "server":"akswtt107000000"}}
{"logTime": "0810/112232", "correlationVector":"/jIdXn5eJWFxEES/z/cRVU.2","action":"ProcessGetUpdates", "result":"Done", "context":{"dataType":"History", "deleted":"0", "process_failed_to_decrypt":"0", "process_pending_decryption":"0", "process_success":"250", "total":"250"}}
{"logTime": "0810/112232", "correlationVector":"/jIdXn5eJWFxEES/z/cRVU.3","action":"GetUpdates Response", "result":"Success", "context":Received 250 update(s). cV=/jIdXn5eJWFxEES/z/cRVU.0;server=akswtt107000000;cloudType=Consumer;environment=Prod_southindia_prod-s01-004-apac-southindia;migrationStage=NotStarted Some updates remain.}
{"logTime": "0810/112232", "correlationVector":"Z/HebFMCgZHnZTqjjLoJjx","action":"Initial GetUpdates", "result":"", "context":Reason: NEWLY_SUPPORTED_DATATYPE. cV=Z/HebFMCgZHnZTqjjLoJjx}
{"logTime": "0810/112234", "correlationVector":"Z/HebFMCgZHnZTqjjLoJjx.1","action":"SyncServerConnectionManagerRequest", "result":"SYNC_SERVER_OK", "context":{"environment":"Prod_southindia_prod-s01-004-apac-southindia", "migrationStage":"NotStarted", "server":"akswtt107000023"}}
{"logTime": "0810/112234", "correlationVector":"Z/HebFMCgZHnZTqjjLoJjx.2","action":"ProcessGetUpdates", "result":"Done", "context":{"dataType":"History", "deleted":"0", "process_failed_to_decrypt":"0", "process_pending_decryption":"0", "process_success":"250", "total":"250"}}
{"logTime": "0810/112234", "correlationVector":"Z/HebFMCgZHnZTqjjLoJjx.3","action":"GetUpdates Response", "result":"Success", "context":Received 250 update(s). cV=Z/HebFMCgZHnZTqjjLoJjx.0;server=akswtt107000023;cloudType=Consumer;environment=Prod_southindia_prod-s01-004-apac-southindia;migrationStage=NotStarted Some updates remain.}
{"logTime": "0810/112234", "correlationVector":"6FU+0OKEG7LtW2vaYOPgfj","action":"Initial GetUpdates", "result":"", "context":Reason: NEWLY_SUPPORTED_DATATYPE. cV=6FU+0OKEG7LtW2vaYOPgfj}
{"logTime": "0810/112235", "correlationVector":"6FU+0OKEG7LtW2vaYOPgfj.1","action":"SyncServerConnectionManagerRequest", "result":"SYNC_SERVER_OK", "context":{"environment":"Prod_southindia_prod-s01-004-apac-southindia", "migrationStage":"NotStarted", "server":"akswtt107000017"}}
{"logTime": "0810/112235", "correlationVector":"6FU+0OKEG7LtW2vaYOPgfj.2","action":"ProcessGetUpdates", "result":"Done", "context":{"dataType":"History", "deleted":"0", "process_failed_to_decrypt":"0", "process_pending_decryption":"0", "process_success":"156", "total":"156"}}
{"logTime": "0810/112235", "correlationVector":"6FU+0OKEG7LtW2vaYOPgfj.3","action":"GetUpdates Response", "result":"Success", "context":Received 156 update(s). cV=6FU+0OKEG7LtW2vaYOPgfj.0;server=akswtt107000017;cloudType=Consumer;environment=Prod_southindia_prod-s01-004-apac-southindia;migrationStage=NotStarted}
{"logTime": "0810/112235", "correlationVector":"qoHB4H+jZmiYcbJ1JnYxod","action":"Normal GetUpdate request", "result":"", "context":cV=qoHB4H+jZmiYcbJ1JnYxod
Nudged types: Sessions, Device Info, User Consents, History, Edge Hub App Usage
Refresh requested types: Bookmarks, Preferences, Passwords, Autofill Profiles, Autofill, Extensions, Sessions, Extension settings, History Delete Directives, Device Info, User Consents, Send Tab To Self, Web Apps, History, Saved Tab Group, WebAuthn Credentials, Edge E Drop, Edge Hub App Usage, Edge Workspace, Encryption Keys}
{"logTime": "0810/112236", "correlationVector":"qoHB4H+jZmiYcbJ1JnYxod.1","action":"SyncServerConnectionManagerRequest", "result":"SYNC_SERVER_OK", "context":{"environment":"Prod_southindia_prod-s01-004-apac-southindia", "migrationStage":"NotStarted", "server":"akswtt10700001y"}}
{"logTime": "0810/112236", "correlationVector":"qoHB4H+jZmiYcbJ1JnYxod.2","action":"GetUpdates Response", "result":"Success", "context":Received 0 update(s). cV=qoHB4H+jZmiYcbJ1JnYxod.0;server=akswtt10700001y;cloudType=Consumer;environment=Prod_southindia_prod-s01-004-apac-southindia;migrationStage=NotStarted}
{"logTime": "0810/112236", "correlationVector":"y+YV0rP2jjZC9WKt4VzfH/","action":"Commit Request", "result":"", "context":Item count: 7
Contributing types: Sessions, Device Info, User Consents, History, Edge Hub App Usage}
{"logTime": "0810/112240", "correlationVector":"y+YV0rP2jjZC9WKt4VzfH/.1","action":"SyncServerConnectionManagerRequest", "result":"SYNC_SERVER_OK", "context":{"environment":"Prod_southindia_prod-s01-004-apac-southindia", "migrationStage":"NotStarted", "server":"akswtt10700000r"}}
{"logTime": "0810/112240", "correlationVector":"y+YV0rP2jjZC9WKt4VzfH/.2","action":"Commit Response", "result":"Success", "context":Result: Success. cV=y+YV0rP2jjZC9WKt4VzfH/.0;server=akswtt10700000r;cloudType=Consumer;environment=Prod_southindia_prod-s01-004-apac-southindia;migrationStage=NotStarted}
{"logTime": "0810/112300", "correlationVector":"amJdJVR4kg5at0fJx5dnYe","action":"Normal GetUpdate request", "result":"", "context":cV=amJdJVR4kg5at0fJx5dnYe
Nudged types: Sessions, History
Refresh requested types: Bookmarks, Preferences, Passwords, Autofill Profiles, Autofill, Extensions, Sessions, Extension settings, History Delete Directives, Device Info, User Consents, Send Tab To Self, Web Apps, History, Saved Tab Group, WebAuthn Credentials, Edge E Drop, Edge Hub App Usage, Edge Workspace, Encryption Keys}
{"logTime": "0810/112300", "correlationVector":"amJdJVR4kg5at0fJx5dnYe.1","action":"SyncServerConnectionManagerRequest", "result":"SYNC_SERVER_OK", "context":{"environment":"Prod_southindia_prod-s01-004-apac-southindia", "migrationStage":"NotStarted", "server":"akswtt107000007"}}
{"logTime": "0810/112300", "correlationVector":"amJdJVR4kg5at0fJx5dnYe.2","action":"ProcessGetUpdates", "result":"Done", "context":{"dataType":"Sessions", "deleted":"0", "process_failed_to_decrypt":"0", "process_pending_decryption":"0", "process_success":"3", "total":"3"}}
{"logTime": "0810/112300", "correlationVector":"amJdJVR4kg5at0fJx5dnYe.3","action":"ProcessGetUpdates", "result":"Done", "context":{"dataType":"Device Info", "deleted":"0", "process_failed_to_decrypt":"0", "process_pending_decryption":"0", "process_success":"1", "total":"1"}}
{"logTime": "0810/112300", "correlationVector":"amJdJVR4kg5at0fJx5dnYe.4","action":"ProcessGetUpdates", "result":"Done", "context":{"dataType":"History", "deleted":"0", "process_failed_to_decrypt":"0", "process_pending_decryption":"0", "process_success":"1", "total":"1"}}
{"logTime": "0810/112300", "correlationVector":"amJdJVR4kg5at0fJx5dnYe.5","action":"ProcessGetUpdates", "result":"Done", "context":{"dataType":"Edge Hub App Usage", "deleted":"0", "process_failed_to_decrypt":"0", "process_pending_decryption":"0", "process_success":"1", "total":"1"}}
{"logTime": "0810/112300", "correlationVector":"amJdJVR4kg5at0fJx5dnYe.6","action":"GetUpdates Response", "result":"Success", "context":Received 6 update(s). cV=amJdJVR4kg5at0fJx5dnYe.0;server=akswtt107000007;cloudType=Consumer;environment=Prod_southindia_prod-s01-004-apac-southindia;migrationStage=NotStarted}
{"logTime": "0810/112301", "correlationVector":"YnukyWY19hFKugY0GNieLs","action":"Commit Request", "result":"", "context":Item count: 2
Contributing types: Sessions, History}
{"logTime": "0810/112302", "correlationVector":"YnukyWY19hFKugY0GNieLs.1","action":"SyncServerConnectionManagerRequest", "result":"SYNC_SERVER_OK", "context":{"environment":"Prod_southindia_prod-s01-004-apac-southindia", "migrationStage":"NotStarted", "server":"akswtt107000003"}}
{"logTime": "0810/112302", "correlationVector":"YnukyWY19hFKugY0GNieLs.3","action":"Commit.Sessions", "result":"Success", "context":{"id":"a21ec6a1-d68b-424d-bd72-087518a0158c", "isDeleted":"true", "size":"0", "version":"1786360956941"}}
{"logTime": "0810/112302", "correlationVector":"YnukyWY19hFKugY0GNieLs.2","action":"Commit Response", "result":"Success", "context":Result: Success. cV=YnukyWY19hFKugY0GNieLs.0;server=akswtt107000003;cloudType=Consumer;environment=Prod_southindia_prod-s01-004-apac-southindia;migrationStage=NotStarted}
{"logTime": "0810/112359", "correlationVector":"/6bx5L5czCpLkgTUrHIEBF","action":"Commit Request", "result":"", "context":Item count: 1
Contributing types: Passwords}
{"logTime": "0810/112400", "correlationVector":"/6bx5L5czCpLkgTUrHIEBF.1","action":"SyncServerConnectionManagerRequest", "result":"SYNC_SERVER_OK", "context":{"environment":"Prod_southindia_prod-s01-004-apac-southindia", "migrationStage":"NotStarted", "server":"akswtt107000025"}}
{"logTime": "0810/112400", "correlationVector":"/6bx5L5czCpLkgTUrHIEBF.2","action":"Commit Response", "result":"Success", "context":Result: Success. cV=/6bx5L5czCpLkgTUrHIEBF.0;server=akswtt107000025;cloudType=Consumer;environment=Prod_southindia_prod-s01-004-apac-southindia;migrationStage=NotStarted}
